INFO: [VRFC 10-2263] Analyzing SystemVerilog file "D:/SystemVerilog/HazardFreeProcessor/HazardFreeProcessor.srcs/sources_1/new/ALU.sv" into library xil_defaultlib
INFO: [VRFC 10-311] analyzing module ALU
INFO: [VRFC 10-2263] Analyzing SystemVerilog file "D:/SystemVerilog/HazardFreeProcessor/HazardFreeProcessor.srcs/sources_1/new/BranchingUnit.sv" into library xil_defaultlib
INFO: [VRFC 10-311] analyzing module BranchingUnit
INFO: [VRFC 10-2263] Analyzing SystemVerilog file "D:/SystemVerilog/HazardFreeProcessor/HazardFreeProcessor.srcs/sources_1/new/Decoder.sv" into library xil_defaultlib
INFO: [VRFC 10-311] analyzing module Decoder
INFO: [VRFC 10-2263] Analyzing SystemVerilog file "D:/SystemVerilog/HazardFreeProcessor/HazardFreeProcessor.srcs/sources_1/new/ForwardingUnit.sv" into library xil_defaultlib
INFO: [VRFC 10-311] analyzing module ForwardingUnit
INFO: [VRFC 10-2263] Analyzing SystemVerilog file "D:/SystemVerilog/HazardFreeProcessor/HazardFreeProcessor.srcs/sources_1/new/HazardDetectionUnit.sv" into library xil_defaultlib
INFO: [VRFC 10-311] analyzing module HazardDetectionUnit
INFO: [VRFC 10-2263] Analyzing SystemVerilog file "D:/SystemVerilog/HazardFreeProcessor/HazardFreeProcessor.srcs/sources_1/new/ImmGen.sv" into library xil_defaultlib
INFO: [VRFC 10-311] analyzing module ImmGen
INFO: [VRFC 10-2263] Analyzing SystemVerilog file "D:/SystemVerilog/HazardFreeProcessor/HazardFreeProcessor.srcs/sources_1/new/InsMemory.sv" into library xil_defaultlib
INFO: [VRFC 10-311] analyzing module InsMemory
INFO: [VRFC 10-2263] Analyzing SystemVerilog file "D:/SystemVerilog/HazardFreeProcessor/HazardFreeProcessor.srcs/sources_1/new/MUX_3x1.sv" into library xil_defaultlib
INFO: [VRFC 10-311] analyzing module MUX_3x1
INFO: [VRFC 10-2263] Analyzing SystemVerilog file "D:/SystemVerilog/HazardFreeProcessor/HazardFreeProcessor.srcs/sources_1/new/PC.sv" into library xil_defaultlib
INFO: [VRFC 10-311] analyzing module PC
INFO: [VRFC 10-2263] Analyzing SystemVerilog file "D:/SystemVerilog/HazardFreeProcessor/HazardFreeProcessor.srcs/sources_1/new/PipelinedRegister_File.sv" into library xil_defaultlib
INFO: [VRFC 10-311] analyzing module PipelinedRegister_File
INFO: [VRFC 10-2263] Analyzing SystemVerilog file "D:/SystemVerilog/HazardFreeProcessor/HazardFreeProcessor.srcs/sources_1/new/Reg_file.sv" into library xil_defaultlib
INFO: [VRFC 10-311] analyzing module Reg_file
INFO: [VRFC 10-2263] Analyzing SystemVerilog file "D:/SystemVerilog/HazardFreeProcessor/HazardFreeProcessor.srcs/sources_1/new/Top.sv" into library xil_defaultlib
INFO: [VRFC 10-311] analyzing module Top
INFO: [VRFC 10-2263] Analyzing SystemVerilog file "D:/SystemVerilog/HazardFreeProcessor/HazardFreeProcessor.srcs/sources_1/new/alucontrol.sv" into library xil_defaultlib
INFO: [VRFC 10-311] analyzing module alucontrol
INFO: [VRFC 10-2263] Analyzing SystemVerilog file "D:/SystemVerilog/HazardFreeProcessor/HazardFreeProcessor.srcs/sources_1/new/control_unit.sv" into library xil_defaultlib
INFO: [VRFC 10-311] analyzing module control_unit
INFO: [VRFC 10-2263] Analyzing SystemVerilog file "D:/SystemVerilog/HazardFreeProcessor/HazardFreeProcessor.srcs/sources_1/new/dataMem.sv" into library xil_defaultlib
INFO: [VRFC 10-311] analyzing module data_mem
INFO: [VRFC 10-2263] Analyzing SystemVerilog file "D:/SystemVerilog/HazardFreeProcessor/HazardFreeProcessor.srcs/sources_1/new/mux2X1.sv" into library xil_defaultlib
INFO: [VRFC 10-311] analyzing module mux
INFO: [VRFC 10-2263] Analyzing SystemVerilog file "D:/SystemVerilog/HazardFreeProcessor/HazardFreeProcessor.srcs/sim_1/new/top_tb.sv" into library xil_defaultlib
INFO: [VRFC 10-311] analyzing module Top_tb
